ets Jul 29 2019 12:21:46

rst:0x1 (POWERON_RESET),boot:0x13 (SPI_FAST_FLASH_BOOT)
configsip: 0, SPIWP:0xee
clk_drv:0x00,q_drv:0x00,d_drv:0x00,cs0_drv:0x00,hd_drv:0x00,wp_drv:0x00
mode:DIO, clock div:2
load:0x3fff0030,len:6300
ho 0 tail 12 room 4
load:0x40078000,len:15788
load:0x40080400,len:4
ho 8 tail 4 room 4
load:0x40080404,len:3860
entry 0x4008063c
[0;32mI (33) boot: ESP-IDF v5.4-dev-4375-gf420609c33 2nd stage bootloader[0m
[0;32mI (33) boot: compile time Dec 16 2024 15:14:26[0m
[0;32mI (33) boot: Multicore bootloader[0m
[0;32mI (36) boot: chip revision: v3.1[0m
[0;32mI (39) boot.esp32: SPI Speed      : 40MHz[0m
[0;32mI (42) boot.esp32: SPI Mode       : DIO[0m
[0;32mI (46) boot.esp32: SPI Flash Size : 2MB[0m
[0;32mI (50) boot: Enabling RNG early entropy source...[0m
[0;32mI (54) boot: Partition Table:[0m
[0;32mI (57) boot: ## Label            Usage          Type ST Offset   Length[0m
[0;32mI (63) boot:  0 nvs              WiFi data        01 02 00009000 00006000[0m
[0;32mI (70) boot:  1 phy_init         RF data          01 01 0000f000 00001000[0m
[0;32mI (76) boot:  2 factory          factory app      00 00 00010000 00100000[0m
[0;32mI (83) boot: End of partition table[0m
[0;32mI (86) esp_image: segment 0: paddr=00010020 vaddr=3f400020 size=174ech ( 95468) map[0m
[0;32mI (126) esp_image: segment 1: paddr=00027514 vaddr=3ff80000 size=0001ch (    28) load[0m
[0;32mI (126) esp_image: segment 2: paddr=00027538 vaddr=3ffb0000 size=03ef0h ( 16112) load[0m
[0;32mI (136) esp_image: segment 3: paddr=0002b430 vaddr=40080000 size=04be8h ( 19432) load[0m
[0;32mI (145) esp_image: segment 4: paddr=00030020 vaddr=400d0020 size=7d664h (513636) map[0m
[0;32mI (321) esp_image: segment 5: paddr=000ad68c vaddr=40084be8 size=12c1ch ( 76828) load[0m
[0;32mI (362) boot: Loaded app from partition at offset 0x10000[0m
[0;32mI (362) boot: Disabling RNG early entropy source...[0m
[0;32mI (373) cpu_start: Multicore app[0m
[0;32mI (381) cpu_start: Pro cpu start user code[0m
[0;32mI (381) cpu_start: cpu freq: 160000000 Hz[0m
[0;32mI (381) app_init: Application information:[0m
[0;32mI (381) app_init: Project name:     test8[0m
[0;32mI (385) app_init: App version:      v5.4-dev-4375-gf420609c33[0m
[0;32mI (390) app_init: Compile time:     Dec 16 2024 15:14:20[0m
[0;32mI (395) app_init: ELF file SHA256:  efe5126bb...[0m
[0;32mI (400) app_init: ESP-IDF:          v5.4-dev-4375-gf420609c33[0m
[0;32mI (405) efuse_init: Min chip rev:     v0.0[0m
[0;32mI (409) efuse_init: Max chip rev:     v3.99 [0m
[0;32mI (413) efuse_init: Chip rev:         v3.1[0m
[0;32mI (417) heap_init: Initializing. RAM available for dynamic allocation:[0m
[0;32mI (423) heap_init: At 3FFAE6E0 len 00001920 (6 KiB): DRAM[0m
[0;32mI (428) heap_init: At 3FFB8120 len 00027EE0 (159 KiB): DRAM[0m
[0;32mI (433) heap_init: At 3FFE0440 len 00003AE0 (14 KiB): D/IRAM[0m
[0;32mI (439) heap_init: At 3FFE4350 len 0001BCB0 (111 KiB): D/IRAM[0m
[0;32mI (444) heap_init: At 40097804 len 000087FC (33 KiB): IRAM[0m
[0;32mI (451) spi_flash: detected chip: generic[0m
[0;32mI (453) spi_flash: flash io: dio[0m
[0;33mW (456) spi_flash: Detected size(4096k) larger than the size in the binary image header(2048k). Using the size in the binary image header.[0m
[0;32mI (469) main_task: Started on CPU0[0m
[0;32mI (479) main_task: Calling app_main()[0m
[0;32mI (499) wifi:wifi driver task: 3ffbfdf4, prio:23, stack:6656, core=0[0m
[0;32mI (499) wifi:wifi firmware version: 59f0bdf2a[0m
[0;32mI (499) wifi:wifi certification version: v7.0[0m
[0;32mI (499) wifi:config NVS flash: enabled[0m
[0;32mI (499) wifi:config nano formatting: disabled[0m
[0;32mI (509) wifi:Init data frame dynamic rx buffer num: 32[0m
[0;32mI (509) wifi:Init static rx mgmt buffer num: 5[0m
[0;32mI (519) wifi:Init management short buffer num: 32[0m
[0;32mI (519) wifi:Init dynamic tx buffer num: 32[0m
[0;32mI (529) wifi:Init static rx buffer size: 1600[0m
[0;32mI (529) wifi:Init static rx buffer num: 10[0m
[0;32mI (529) wifi:Init dynamic rx buffer num: 32[0m
[0;32mI (539) wifi_init: rx ba win: 6[0m
[0;32mI (539) wifi_init: accept mbox: 6[0m
[0;32mI (539) wifi_init: tcpip mbox: 32[0m
[0;32mI (549) wifi_init: udp mbox: 6[0m
[0;32mI (549) wifi_init: tcp mbox: 6[0m
[0;32mI (549) wifi_init: tcp tx win: 5760[0m
[0;32mI (559) wifi_init: tcp rx win: 5760[0m
[0;32mI (559) wifi_init: tcp mss: 1440[0m
[0;32mI (559) wifi_init: WiFi IRAM OP enabled[0m
[0;32mI (569) wifi_init: WiFi RX IRAM OP enabled[0m
[0;32mI (569) phy_init: phy_version 4840,02e0d70,Sep  2 2024,19:39:07[0m
[0;32mI (659) wifi:mode : null[0m
[0;32mI (659) wifi:ic_enable_sniffer[0m
Wi-Fi Sniffer Initialized.
[0;32mI (659) main_task: Returned from app_main()[0m

--- Wi-Fi Packet Captured ---
Destination MAC: ff:ff:ff:ff:ff:ff
Source MAC: f2:3d:37:5e:82:ba
BSSID: ff:ff:ff:ff:ff:ff
Frame Type: 0, Subtype: 4
Frame: Probe Request

--- Wi-Fi Packet Captured ---
Destination MAC: ff:ff:ff:ff:ff:ff
Source MAC: 26:48:c5:6b:15:a9
BSSID: ff:ff:ff:ff:ff:ff
Frame Type: 0, Subtype: 4
Frame: Probe Request

--- Wi-Fi Packet Captured ---
Destination MAC: ff:ff:ff:ff:ff:ff
Source MAC: a2:7c:77:84:ef:fb
BSSID: ff:ff:ff:ff:ff:ff
Frame Type: 0, Subtype: 4
Frame: Probe Request

--- Wi-Fi Packet Captured ---
Destination MAC: ff:ff:ff:ff:ff:ff
Source MAC: 32:3e:c2:e1:c7:66
BSSID: ff:ff:ff:ff:ff:ff
Frame Type: 0, Subtype: 4
Frame: Probe Request

--- Wi-Fi Packet Captured ---
Destination MAC: ff:ff:ff:ff:ff:ff
Source MAC: ca:15:ff:4f:6c:b1
BSSID: ff:ff:ff:ff:ff:ff
Frame Type: 0, Subtype: 4
Frame: Probe Request

--- Wi-Fi Packet Captured ---
Destination MAC: ff:ff:ff:ff:ff:ff
Source MAC: 0a:ef:bd:2e:9b:56
BSSID: ff:ff:ff:ff:ff:ff
Frame Type: 0, Subtype: 4
Frame: Probe Request

--- Wi-Fi Packet Captured ---
Destination MAC: ff:ff:ff:ff:ff:ff
Source MAC: fa:ca:e3:6c:3c:8d
BSSID: ff:ff:ff:ff:ff:ff
Frame Type: 0, Subtype: 4
Frame: Probe Request

--- Wi-Fi Packet Captured ---
Destination MAC: ff:ff:ff:ff:ff:ff
Source MAC: 82:b9:8f:50:dc:a5
BSSID: ff:ff:ff:ff:ff:ff
Frame Type: 0, Subtype: 4
Frame: Probe Request

--- Wi-Fi Packet Captured ---
Destination MAC: ff:ff:ff:ff:ff:ff
Source MAC: fe:95:e2:93:63:40
BSSID: ff:ff:ff:ff:ff:ff
Frame Type: 0, Subtype: 4
Frame: Probe Request

--- Wi-Fi Packet Captured ---
Destination MAC: ff:ff:ff:ff:ff:ff
Source MAC: 26:bd:75:c2:19:f9
BSSID: ff:ff:ff:ff:ff:ff
Frame Type: 0, Subtype: 4
Frame: Probe Request

--- Wi-Fi Packet Captured ---
Destination MAC: ff:ff:ff:ff:ff:ff
Source MAC: 4a:96:2e:dc:3e:f0
BSSID: ff:ff:ff:ff:ff:ff
Frame Type: 0, Subtype: 4
Frame: Probe Request

--- Wi-Fi Packet Captured ---
Destination MAC: ff:ff:ff:ff:ff:ff
Source MAC: fe:30:b1:0d:9e:60
BSSID: ff:ff:ff:ff:ff:ff
Frame Type: 0, Subtype: 4
Frame: Probe Request

--- Wi-Fi Packet Captured ---
Destination MAC: ff:ff:ff:ff:ff:ff
Source MAC: d2:af:ec:53:50:37
BSSID: ff:ff:ff:ff:ff:ff
Frame Type: 0, Subtype: 4
Frame: Probe Request

--- Wi-Fi Packet Captured ---
Destination MAC: ff:ff:ff:ff:ff:ff
Source MAC: 2a:64:96:85:d0:e4
BSSID: ff:ff:ff:ff:ff:ff
Frame Type: 0, Subtype: 4
Frame: Probe Request

--- Wi-Fi Packet Captured ---
Destination MAC: ff:ff:ff:ff:ff:ff
Source MAC: c2:0c:d0:9e:b1:45
BSSID: ff:ff:ff:ff:ff:ff
Frame Type: 0, Subtype: 4
Frame: Probe Request

--- Wi-Fi Packet Captured ---
Destination MAC: ff:ff:ff:ff:ff:ff
Source MAC: 1e:a8:64:d2:1b:3c
BSSID: ff:ff:ff:ff:ff:ff
Frame Type: 0, Subtype: 4
Frame: Probe Request

--- Wi-Fi Packet Captured ---
Destination MAC: ff:ff:ff:ff:ff:ff
Source MAC: e2:07:73:92:09:94
BSSID: ff:ff:ff:ff:ff:ff
Frame Type: 0, Subtype: 4
Frame: Probe Request

--- Wi-Fi Packet Captured ---
Destination MAC: ff:ff:ff:ff:ff:ff
Source MAC: 3a:b7:36:3d:20:46
BSSID: ff:ff:ff:ff:ff:ff
Frame Type: 0, Subtype: 4
Frame: Probe Request

--- Wi-Fi Packet Captured ---
Destination MAC: ff:ff:ff:ff:ff:ff
Source MAC: 16:5e:3d:8e:57:81
BSSID: ff:ff:ff:ff:ff:ff
Frame Type: 0, Subtype: 4
Frame: Probe Request

--- Wi-Fi Packet Captured ---
Destination MAC: ff:ff:ff:ff:ff:ff
Source MAC: dc:46:28:bd:ac:be
BSSID: ff:ff:ff:ff:ff:ff
Frame Type: 0, Subtype: 4
Frame: Probe Request

--- Wi-Fi Packet Captured ---
Destination MAC: ff:ff:ff:ff:ff:ff
Source MAC: dc:46:28:bd:ac:be
BSSID: ff:ff:ff:ff:ff:ff
Frame Type: 0, Subtype: 4
Frame: Probe Request

--- Wi-Fi Packet Captured ---
Destination MAC: ff:ff:ff:ff:ff:ff
Source MAC: dc:46:28:bd:ac:be
BSSID: ff:ff:ff:ff:ff:ff
Frame Type: 0, Subtype: 4
Frame: Probe Request

--- Wi-Fi Packet Captured ---
Destination MAC: ff:ff:ff:ff:ff:ff
Source MAC: dc:46:28:bd:ac:be
BSSID: ff:ff:ff:ff:ff:ff
Frame Type: 0, Subtype: 4
Frame: Probe Request

--- Wi-Fi Packet Captured ---
Destination MAC: ff:ff:ff:ff:ff:ff
Source MAC: dc:46:28:bd:ac:be
BSSID: ff:ff:ff:ff:ff:ff
Frame Type: 0, Subtype: 4
Frame: Probe Request

--- Wi-Fi Packet Captured ---
Destination MAC: ff:ff:ff:ff:ff:ff
Source MAC: dc:46:28:bd:ac:be
BSSID: ff:ff:ff:ff:ff:ff
Frame Type: 0, Subtype: 4
Frame: Probe Request

--- Wi-Fi Packet Captured ---
Destination MAC: ff:ff:ff:ff:ff:ff
Source MAC: dc:46:28:bd:ac:be
BSSID: ff:ff:ff:ff:ff:ff
Frame Type: 0, Subtype: 4
Frame: Probe Request

--- Wi-Fi Packet Captured ---
Destination MAC: ff:ff:ff:ff:ff:ff
Source MAC: dc:46:28:bd:ac:be
BSSID: ff:ff:ff:ff:ff:ff
Frame Type: 0, Subtype: 4
Frame: Probe Request

--- Wi-Fi Packet Captured ---
Destination MAC: ff:ff:ff:ff:ff:ff
Source MAC: dc:46:28:bd:ac:be
BSSID: ff:ff:ff:ff:ff:ff
Frame Type: 0, Subtype: 4
Frame: Probe Request

--- Wi-Fi Packet Captured ---
Destination MAC: ff:ff:ff:ff:ff:ff
Source MAC: dc:46:28:bd:ac:be
BSSID: ff:ff:ff:ff:ff:ff
Frame Type: 0, Subtype: 4
Frame: Probe Request

--- Wi-Fi Packet Captured ---
Destination MAC: ff:ff:ff:ff:ff:ff
Source MAC: dc:46:28:bd:ac:be
BSSID: ff:ff:ff:ff:ff:ff
Frame Type: 0, Subtype: 4
Frame: Probe Request

--- Wi-Fi Packet Captured ---
Destination MAC: ff:ff:ff:ff:ff:ff
Source MAC: dc:46:28:bd:ac:be
BSSID: ff:ff:ff:ff:ff:ff
Frame Type: 0, Subtype: 4
Frame: Probe Request

--- Wi-Fi Packet Captured ---
Destination MAC: ff:ff:ff:ff:ff:ff
Source MAC: dc:46:28:bd:ac:be
BSSID: ff:ff:ff:ff:ff:ff
Frame Type: 0, Subtype: 4
Frame: Probe Request

--- Wi-Fi Packet Captured ---
Destination MAC: ff:ff:ff:ff:ff:ff
Source MAC: dc:46:28:bd:ac:be
BSSID: ff:ff:ff:ff:ff:ff
Frame Type: 0, Subtype: 4
Frame: Probe Request

--- Wi-Fi Packet Captured ---
Destination MAC: ff:ff:ff:ff:ff:ff
Source MAC: dc:46:28:bd:ac:be
BSSID: ff:ff:ff:ff:ff:ff
Frame Type: 0, Subtype: 4
Frame: Probe Request

--- Wi-Fi Packet Captured ---
Destination MAC: ff:ff:ff:ff:ff:ff
Source MAC: ae:98:7a:96:34:1f
BSSID: ff:ff:ff:ff:ff:ff
Frame Type: 0, Subtype: 4
Frame: Probe Request

--- Wi-Fi Packet Captured ---
Destination MAC: ff:ff:ff:ff:ff:ff
Source MAC: dc:46:28:bd:ac:be
BSSID: ff:ff:ff:ff:ff:ff
Frame Type: 0, Subtype: 4
Frame: Probe Request

--- Wi-Fi Packet Captured ---
Destination MAC: ff:ff:ff:ff:ff:ff
Source MAC: dc:46:28:bd:ac:be
BSSID: ff:ff:ff:ff:ff:ff
Frame Type: 0, Subtype: 4
Frame: Probe Request

--- Wi-Fi Packet Captured ---
Destination MAC: ff:ff:ff:ff:ff:ff
Source MAC: dc:46:28:bd:ac:be
BSSID: ff:ff:ff:ff:ff:ff
Frame Type: 0, Subtype: 4
Frame: Probe Request

--- Wi-Fi Packet Captured ---
Destination MAC: ff:ff:ff:ff:ff:ff
Source MAC: dc:46:28:bd:ac:be
BSSID: ff:ff:ff:ff:ff:ff
Frame Type: 0, Subtype: 4
Frame: Probe Request

--- Wi-Fi Packet Captured ---
Destination MAC: ff:ff:ff:ff:ff:ff
Source MAC: dc:46:28:bd:ac:be
BSSID: ff:ff:ff:ff:ff:ff
Frame Type: 0, Subtype: 4
Frame: Probe Request

--- Wi-Fi Packet Captured ---
Destination MAC: ff:ff:ff:ff:ff:ff
Source MAC: dc:46:28:bd:ac:be
BSSID: ff:ff:ff:ff:ff:ff
Frame Type: 0, Subtype: 4
Frame: Probe Request

--- Wi-Fi Packet Captured ---
Destination MAC: ff:ff:ff:ff:ff:ff
Source MAC: a6:bf:b6:61:9a:db
BSSID: ff:ff:ff:ff:ff:ff
Frame Type: 0, Subtype: 4
Frame: Probe Request

--- Wi-Fi Packet Captured ---
Destination MAC: ff:ff:ff:ff:ff:ff
Source MAC: a6:bf:b6:61:9a:db
BSSID: ff:ff:ff:ff:ff:ff
Frame Type: 0, Subtype: 4
Frame: Probe Request

--- Wi-Fi Packet Captured ---
Destination MAC: ff:ff:ff:ff:ff:ff
Source MAC: dc:46:28:bd:ac:be
BSSID: ff:ff:ff:ff:ff:ff
Frame Type: 0, Subtype: 4
Frame: Probe Request

--- Wi-Fi Packet Captured ---
Destination MAC: ff:ff:ff:ff:ff:ff
Source MAC: dc:46:28:bd:ac:be
BSSID: ff:ff:ff:ff:ff:ff
Frame Type: 0, Subtype: 4
Frame: Probe Request

--- Wi-Fi Packet Captured ---
Destination MAC: ff:ff:ff:ff:ff:ff
Source MAC: dc:46:28:bd:ac:be
BSSID: ff:ff:ff:ff:ff:ff
Frame Type: 0, Subtype: 4
Frame: Probe Request

--- Wi-Fi Packet Captured ---
Destination MAC: ff:ff:ff:ff:ff:ff
Source MAC: dc:46:28:bd:ac:be
BSSID: ff:ff:ff:ff:ff:ff
Frame Type: 0, Subtype: 4
Frame: Probe Request

--- Wi-Fi Packet Captured ---
Destination MAC: ff:ff:ff:ff:ff:ff
Source MAC: dc:46:28:bd:ac:be
BSSID: ff:ff:ff:ff:ff:ff
Frame Type: 0, Subtype: 4
Frame: Probe Request

--- Wi-Fi Packet Captured ---
Destination MAC: ff:ff:ff:ff:ff:ff
Source MAC: dc:46:28:bd:ac:be
BSSID: ff:ff:ff:ff:ff:ff
Frame Type: 0, Subtype: 4
Frame: Probe Request

--- Wi-Fi Packet Captured ---
Destination MAC: ff:ff:ff:ff:ff:ff
Source MAC: dc:46:28:bd:ac:be
BSSID: ff:ff:ff:ff:ff:ff
Frame Type: 0, Subtype: 4
Frame: Probe Request
