ets Jul 29 2019 12:21:46

rst:0x1 (POWERON_RESET),boot:0x13 (SPI_FAST_FLASH_BOOT)
configsip: 0, SPIWP:0xee
clk_drv:0x00,q_drv:0x00,d_drv:0x00,cs0_drv:0x00,hd_drv:0x00,wp_drv:0x00
mode:DIO, clock div:2
load:0x3fff0030,len:6300
ho 0 tail 12 room 4
load:0x40078000,len:15788
load:0x40080400,len:4
ho 8 tail 4 room 4
load:0x40080404,len:3860
entry 0x4008063c
[0;32mI (33) boot: ESP-IDF v5.4-dev-4375-gf420609c33 2nd stage bootloader[0m
[0;32mI (33) boot: compile time Dec 12 2024 13:41:39[0m
[0;32mI (33) boot: Multicore bootloader[0m
[0;32mI (36) boot: chip revision: v3.1[0m
[0;32mI (39) boot.esp32: SPI Speed      : 40MHz[0m
[0;32mI (42) boot.esp32: SPI Mode       : DIO[0m
[0;32mI (46) boot.esp32: SPI Flash Size : 2MB[0m
[0;32mI (50) boot: Enabling RNG early entropy source...[0m
[0;32mI (54) boot: Partition Table:[0m
[0;32mI (57) boot: ## Label            Usage          Type ST Offset   Length[0m
[0;32mI (63) boot:  0 nvs              WiFi data        01 02 00009000 00006000[0m
[0;32mI (70) boot:  1 phy_init         RF data          01 01 0000f000 00001000[0m
[0;32mI (76) boot:  2 factory          factory app      00 00 00010000 00100000[0m
[0;32mI (83) boot: End of partition table[0m
[0;32mI (86) esp_image: segment 0: paddr=00010020 vaddr=3f400020 size=1740ch ( 95244) map[0m
[0;32mI (126) esp_image: segment 1: paddr=00027434 vaddr=3ff80000 size=0001ch (    28) load[0m
[0;32mI (126) esp_image: segment 2: paddr=00027458 vaddr=3ffb0000 size=03ef0h ( 16112) load[0m
[0;32mI (136) esp_image: segment 3: paddr=0002b350 vaddr=40080000 size=04cc8h ( 19656) load[0m
[0;32mI (145) esp_image: segment 4: paddr=00030020 vaddr=400d0020 size=7d4d8h (513240) map[0m
[0;32mI (321) esp_image: segment 5: paddr=000ad500 vaddr=40084cc8 size=12b3ch ( 76604) load[0m
[0;32mI (362) boot: Loaded app from partition at offset 0x10000[0m
[0;32mI (362) boot: Disabling RNG early entropy source...[0m
[0;32mI (372) cpu_start: Multicore app[0m
[0;32mI (381) cpu_start: Pro cpu start user code[0m
[0;32mI (381) cpu_start: cpu freq: 160000000 Hz[0m
[0;32mI (381) app_init: Application information:[0m
[0;32mI (381) app_init: Project name:     test3[0m
[0;32mI (384) app_init: App version:      v5.4-dev-4375-gf420609c33[0m
[0;32mI (390) app_init: Compile time:     Dec 12 2024 13:41:27[0m
[0;32mI (395) app_init: ELF file SHA256:  11d79cef9...[0m
[0;32mI (399) app_init: ESP-IDF:          v5.4-dev-4375-gf420609c33[0m
[0;32mI (405) efuse_init: Min chip rev:     v0.0[0m
[0;32mI (409) efuse_init: Max chip rev:     v3.99 [0m
[0;32mI (413) efuse_init: Chip rev:         v3.1[0m
[0;32mI (417) heap_init: Initializing. RAM available for dynamic allocation:[0m
[0;32mI (423) heap_init: At 3FFAE6E0 len 00001920 (6 KiB): DRAM[0m
[0;32mI (428) heap_init: At 3FFB8120 len 00027EE0 (159 KiB): DRAM[0m
[0;32mI (433) heap_init: At 3FFE0440 len 00003AE0 (14 KiB): D/IRAM[0m
[0;32mI (438) heap_init: At 3FFE4350 len 0001BCB0 (111 KiB): D/IRAM[0m
[0;32mI (444) heap_init: At 40097804 len 000087FC (33 KiB): IRAM[0m
[0;32mI (451) spi_flash: detected chip: generic[0m
[0;32mI (453) spi_flash: flash io: dio[0m
[0;33mW (456) spi_flash: Detected size(4096k) larger than the size in the binary image header(2048k). Using the size in the binary image header.[0m
[0;32mI (469) main_task: Started on CPU0[0m
[0;32mI (479) main_task: Calling app_main()[0m
[0;32mI (499) wifi:wifi driver task: 3ffbfe78, prio:23, stack:6656, core=0[0m
[0;32mI (499) wifi:wifi firmware version: 59f0bdf2a[0m
[0;32mI (499) wifi:wifi certification version: v7.0[0m
[0;32mI (499) wifi:config NVS flash: enabled[0m
[0;32mI (499) wifi:config nano formatting: disabled[0m
[0;32mI (509) wifi:Init data frame dynamic rx buffer num: 32[0m
[0;32mI (509) wifi:Init static rx mgmt buffer num: 5[0m
[0;32mI (519) wifi:Init management short buffer num: 32[0m
[0;32mI (519) wifi:Init dynamic tx buffer num: 32[0m
[0;32mI (529) wifi:Init static rx buffer size: 1600[0m
[0;32mI (529) wifi:Init static rx buffer num: 10[0m
[0;32mI (529) wifi:Init dynamic rx buffer num: 32[0m
[0;32mI (539) wifi_init: rx ba win: 6[0m
[0;32mI (539) wifi_init: accept mbox: 6[0m
[0;32mI (539) wifi_init: tcpip mbox: 32[0m
[0;32mI (549) wifi_init: udp mbox: 6[0m
[0;32mI (549) wifi_init: tcp mbox: 6[0m
[0;32mI (549) wifi_init: tcp tx win: 5760[0m
[0;32mI (559) wifi_init: tcp rx win: 5760[0m
[0;32mI (559) wifi_init: tcp mss: 1440[0m
[0;32mI (559) wifi_init: WiFi IRAM OP enabled[0m
[0;32mI (569) wifi_init: WiFi RX IRAM OP enabled[0m
[0;32mI (569) phy_init: phy_version 4840,02e0d70,Sep  2 2024,19:39:07[0m
[0;33mW (649) phy_init: saving new calibration data because of checksum failure, mode(0)[0m
[0;32mI (679) wifi:mode : sta (08:a6:f7:b1:0d:a0)[0m
[0;32mI (679) wifi:enable tsf[0m
[0;32mI (679) wifi:ic_enable_sniffer[0m
[0;32mI (679) main_task: Returned from app_main()[0m
Packet Length: 154
Raw Packet: 40 00 00 00 ff ff ff ff ff ff 12 70 39 3b 9c 88 ff ff ff ff ff ff 80 41 00 00 01 04 82 84 8b 96 32 08 0c 12 18 24 30 48 60 6c 03 01 02 2d 1a 2d 40 1b ff ff 00 00 00 00 00 00 00 00 00 00 00 00 00 00 00 00 00 00 00 00 00 7f 0b 04 00 48 04 00 00 00 40 00 00 20 ff 1c 23 01 08 08 98 00 88 20 30 02 80 0d 01 9f 08 00 c0 00 f5 ff f5 ff 39 1c c7 71 1c 07 dd 0b 00 17 f2 0a 00 01 04 00 00 00 00 dd 07 00 50 f2 08 00 0d 00 dd 0a 00 10 18 02 01 00 10 00 00 02 00 00 00 00 

Packet Length: 154
Raw Packet: 40 00 00 00 ff ff ff ff ff ff b6 60 fb b7 a2 ec ff ff ff ff ff ff 10 6c 00 00 01 04 82 84 8b 96 32 08 0c 12 18 24 30 48 60 6c 03 01 01 2d 1a 2d 40 1b ff ff 00 00 00 00 00 00 00 00 00 00 00 00 00 00 00 00 00 00 00 00 00 7f 0b 04 00 48 04 00 00 00 40 00 00 20 ff 1c 23 01 08 08 98 00 88 20 30 02 80 0d 01 9f 08 00 c0 00 f5 ff f5 ff 39 1c c7 71 1c 07 dd 0b 00 17 f2 0a 00 01 04 00 00 00 00 dd 07 00 50 f2 08 00 0d 00 dd 0a 00 10 18 02 01 00 10 00 00 02 00 00 00 00 

Packet Length: 150
Raw Packet: 40 00 00 00 ff ff ff ff ff ff f4 c8 8a c5 b1 74 ff ff ff ff ff ff 30 1b 00 0b 6b 65 69 6f 6d 6f 62 69 6c 65 32 01 08 02 04 0b 16 0c 12 18 24 32 04 30 48 60 6c 2d 1a e7 09 17 ff ff 00 00 00 00 00 00 00 00 00 00 00 00 00 00 00 00 00 00 00 00 00 7f 0e 04 00 48 80 00 40 00 00 00 00 00 00 00 00 ff 1e 23 01 78 20 0a c0 ab 0e 30 42 00 fd 09 8c 0e 0f fe 00 fa ff fa ff fa ff fa ff 61 1c c7 71 ff 03 02 00 0b dd 0a 50 6f 9a 16 03 01 03 65 01 01 00 00 61 00 

Packet Length: 268
Raw Packet: 80 00 00 00 ff ff ff ff ff ff fc 7f f1 d7 42 61 fc 7f f1 d7 42 61 80 f3 80 62 28 46 5b 1c 00 00 64 00 31 04 00 06 72 67 2d 77 70 61 01 08 82 84 0b 16 24 30 48 6c 03 01 01 05 04 00 01 00 00 2a 01 00 32 04 0c 12 18 60 30 14 01 00 00 0f ac 04 01 00 00 0f ac 04 01 00 00 0f ac 02 28 00 2d 1a ad 09 17 ff ff 00 00 00 00 00 00 00 00 00 00 00 00 00 00 00 00 00 00 00 00 00 3d 16 01 00 04 00 00 00 00 00 00 00 00 00 00 00 00 00 00 00 00 00 00 00 4a 0e 14 00 0a 00 2c 01 c8 00 14 00 05 00 19 00 7f 0a 05 00 08 00 00 00 00 40 00 40 ff 1c 23 05 00 08 12 00 10 20 20 0e c0 0d 41 81 18 00 0c 00 fa ff fa ff 39 1c c7 71 1c 07 ff 07 24 f4 3f 00 2a fc ff ff 0e 26 00 00 a4 08 20 a4 08 40 43 08 60 32 08 dd 18 00 50 f2 02 01 01 80 00 03 a4 00 00 27 a4 00 00 42 43 5e 00 62 32 2f 00 dd 07 00 0b 86 01 04 08 18 a5 a5 a5 a5 

Packet Length: 120
Raw Packet: 40 00 00 00 ff ff ff ff ff ff f6 86 05 62 c3 d4 ff ff ff ff ff ff d0 01 00 00 01 04 82 84 8b 96 32 08 0c 12 18 24 30 48 60 6c 03 01 01 2d 1a 2d 40 1b ff 00 00 00 00 00 00 00 00 00 00 00 00 00 00 00 00 00 00 00 00 00 00 7f 0b 00 00 08 04 00 00 00 40 00 00 20 ff 1c 23 01 08 08 18 00 80 20 30 02 00 0d 00 9f 08 00 00 00 fd ff fd ff 39 1c c7 71 1c 07 81 00 00 00 

Packet Length: 120
Raw Packet: 40 00 00 00 ff ff ff ff ff ff f6 86 05 62 c3 d4 ff ff ff ff ff ff e0 01 00 00 01 04 82 84 8b 96 32 08 0c 12 18 24 30 48 60 6c 03 01 01 2d 1a 2d 40 1b ff 00 00 00 00 00 00 00 00 00 00 00 00 00 00 00 00 00 00 00 00 00 00 7f 0b 00 00 08 04 00 00 00 40 00 00 20 ff 1c 23 01 08 08 18 00 80 20 30 02 00 0d 00 9f 08 00 00 00 fd ff fd ff 39 1c c7 71 1c 07 81 00 00 00 

Packet Length: 117
Raw Packet: 40 00 00 00 ff ff ff ff ff ff 26 5e e0 53 ef 9a ff ff ff ff ff ff 70 ba 00 00 01 04 82 84 8b 96 32 08 0c 12 18 24 30 48 60 6c 03 01 01 2d 1a 2d 40 1b ff ff 00 00 00 00 00 00 00 00 00 00 00 00 00 00 00 00 00 00 00 00 00 7f 08 00 00 08 04 00 00 00 40 ff 1c 23 01 08 08 18 00 80 20 30 02 00 0d 00 9f 08 00 00 00 f5 ff f5 ff 39 1c c7 71 1c 07 00 00 00 81 

Packet Length: 117
Raw Packet: 40 00 00 00 ff ff ff ff ff ff be 50 d4 85 e6 71 ff ff ff ff ff ff 30 29 00 00 01 04 82 84 8b 96 32 08 0c 12 18 24 30 48 60 6c 03 01 01 2d 1a 2d 40 1b ff ff 00 00 00 00 00 00 00 00 00 00 00 00 00 00 00 00 00 00 00 00 00 7f 08 00 00 08 04 00 00 00 40 ff 1c 23 01 08 08 18 00 80 20 30 02 00 0d 00 9f 08 00 00 00 f5 ff f5 ff 39 1c c7 71 1c 07 00 00 00 81 

Packet Length: 270
Raw Packet: 80 00 00 00 ff ff ff ff ff ff fc 7f f1 d7 42 62 fc 7f f1 d7 42 62 30 fc e9 5b 4c 46 5b 1c 00 00 64 00 31 04 00 08 72 67 2d 67 75 65 73 74 01 08 82 84 0b 16 24 30 48 6c 03 01 01 05 04 00 01 00 00 2a 01 00 32 04 0c 12 18 60 30 14 01 00 00 0f ac 04 01 00 00 0f ac 04 01 00 00 0f ac 02 28 00 2d 1a ad 09 17 ff ff 00 00 00 00 00 00 00 00 00 00 00 00 00 00 00 00 00 00 00 00 00 3d 16 01 00 04 00 00 00 00 00 00 00 00 00 00 00 00 00 00 00 00 00 00 00 4a 0e 14 00 0a 00 2c 01 c8 00 14 00 05 00 19 00 7f 0a 05 00 08 00 00 00 00 40 00 40 ff 1c 23 05 00 08 12 00 10 20 20 0e c0 0d 41 81 18 00 0c 00 fa ff fa ff 39 1c c7 71 1c 07 ff 07 24 f4 3f 00 2a fc ff ff 0e 26 00 00 a4 08 20 a4 08 40 43 08 60 32 08 dd 18 00 50 f2 02 01 01 80 00 03 a4 00 00 27 a4 00 00 42 43 5e 00 62 32 2f 00 dd 07 00 0b 86 01 04 08 18 00 00 a5 a5 

Packet Length: 58
Raw Packet: 40 00 00 00 ff ff ff ff ff ff 52 6d f2 f1 59 ff ff ff ff ff ff ff 20 4d 00 00 01 04 82 84 8b 96 32 08 0c 12 18 24 30 48 60 6c 03 01 01 dd 07 00 50 f2 08 00 11 00 00 00 6c fd 

Packet Length: 120
Raw Packet: 40 00 00 00 ff ff ff ff ff ff 7a 5c 3a dd a9 34 ff ff ff ff ff ff 80 77 00 00 01 04 82 84 8b 96 32 08 0c 12 18 24 30 48 60 6c 03 01 01 2d 1a 2d 40 1b ff 00 00 00 00 00 00 00 00 00 00 00 00 00 00 00 00 00 00 00 00 00 00 7f 0b 00 00 08 04 00 00 00 40 00 00 20 ff 1c 23 01 08 08 18 00 80 20 30 02 00 0d 00 9f 08 00 00 00 fd ff fd ff 39 1c c7 71 1c 07 81 00 00 00 

Packet Length: 270
Raw Packet: 80 00 00 00 ff ff ff ff ff ff fc 7f f1 d7 42 62 fc 7f f1 d7 42 62 f0 06 66 fc 74 46 5b 1c 00 00 64 00 31 04 00 08 72 67 2d 67 75 65 73 74 01 08 82 84 0b 16 24 30 48 6c 03 01 01 05 04 00 01 00 00 2a 01 00 32 04 0c 12 18 60 30 14 01 00 00 0f ac 04 01 00 00 0f ac 04 01 00 00 0f ac 02 28 00 2d 1a ad 09 17 ff ff 00 00 00 00 00 00 00 00 00 00 00 00 00 00 00 00 00 00 00 00 00 3d 16 01 00 04 00 00 00 00 00 00 00 00 00 00 00 00 00 00 00 00 00 00 00 4a 0e 14 00 0a 00 2c 01 c8 00 14 00 05 00 19 00 7f 0a 05 00 08 00 00 00 00 40 00 40 ff 1c 23 05 00 08 12 00 10 20 20 0e c0 0d 41 81 18 00 0c 00 fa ff fa ff 39 1c c7 71 1c 07 ff 07 24 f4 3f 00 2a fc ff ff 0e 26 00 00 a4 08 20 a4 08 40 43 08 60 32 08 dd 18 00 50 f2 02 01 01 80 00 03 a4 00 00 27 a4 00 00 42 43 5e 00 62 32 2f 00 dd 07 00 0b 86 01 04 08 18 00 00 a5 a5 

