ets Jul 29 2019 12:21:46

rst:0x1 (POWERON_RESET),boot:0x13 (SPI_FAST_FLASH_BOOT)
configsip: 0, SPIWP:0xee
clk_drv:0x00,q_drv:0x00,d_drv:0x00,cs0_drv:0x00,hd_drv:0x00,wp_drv:0x00
mode:DIO, clock div:2
load:0x3fff0030,len:6300
ho 0 tail 12 room 4
load:0x40078000,len:15788
load:0x40080400,len:4
ho 8 tail 4 room 4
load:0x40080404,len:3860
entry 0x4008063c
[0;32mI (33) boot: ESP-IDF v5.4-dev-4375-gf420609c33 2nd stage bootloader[0m
[0;32mI (33) boot: compile time Dec 12 2024 13:00:50[0m
[0;32mI (33) boot: Multicore bootloader[0m
[0;32mI (36) boot: chip revision: v3.1[0m
[0;32mI (39) boot.esp32: SPI Speed      : 40MHz[0m
[0;32mI (42) boot.esp32: SPI Mode       : DIO[0m
[0;32mI (46) boot.esp32: SPI Flash Size : 2MB[0m
[0;32mI (50) boot: Enabling RNG early entropy source...[0m
[0;32mI (54) boot: Partition Table:[0m
[0;32mI (57) boot: ## Label            Usage          Type ST Offset   Length[0m
[0;32mI (63) boot:  0 nvs              WiFi data        01 02 00009000 00006000[0m
[0;32mI (70) boot:  1 phy_init         RF data          01 01 0000f000 00001000[0m
[0;32mI (76) boot:  2 factory          factory app      00 00 00010000 00100000[0m
[0;32mI (83) boot: End of partition table[0m
[0;32mI (86) esp_image: segment 0: paddr=00010020 vaddr=3f400020 size=174dch ( 95452) map[0m
[0;32mI (126) esp_image: segment 1: paddr=00027504 vaddr=3ff80000 size=0001ch (    28) load[0m
[0;32mI (126) esp_image: segment 2: paddr=00027528 vaddr=3ffb0000 size=03ef0h ( 16112) load[0m
[0;32mI (136) esp_image: segment 3: paddr=0002b420 vaddr=40080000 size=04bf8h ( 19448) load[0m
[0;32mI (145) esp_image: segment 4: paddr=00030020 vaddr=400d0020 size=7d7a4h (513956) map[0m
[0;32mI (321) esp_image: segment 5: paddr=000ad7cc vaddr=40084bf8 size=12c0ch ( 76812) load[0m
[0;32mI (362) boot: Loaded app from partition at offset 0x10000[0m
[0;32mI (362) boot: Disabling RNG early entropy source...[0m
[0;32mI (373) cpu_start: Multicore app[0m
[0;32mI (381) cpu_start: Pro cpu start user code[0m
[0;32mI (381) cpu_start: cpu freq: 160000000 Hz[0m
[0;32mI (381) app_init: Application information:[0m
[0;32mI (381) app_init: Project name:     test5[0m
[0;32mI (385) app_init: App version:      v5.4-dev-4375-gf420609c33[0m
[0;32mI (391) app_init: Compile time:     Dec 12 2024 13:00:45[0m
[0;32mI (396) app_init: ELF file SHA256:  9eb91ffe0...[0m
[0;32mI (400) app_init: ESP-IDF:          v5.4-dev-4375-gf420609c33[0m
[0;32mI (405) efuse_init: Min chip rev:     v0.0[0m
[0;32mI (409) efuse_init: Max chip rev:     v3.99 [0m
[0;32mI (413) efuse_init: Chip rev:         v3.1[0m
[0;32mI (417) heap_init: Initializing. RAM available for dynamic allocation:[0m
[0;32mI (423) heap_init: At 3FFAE6E0 len 00001920 (6 KiB): DRAM[0m
[0;32mI (428) heap_init: At 3FFC4920 len 0001B6E0 (109 KiB): DRAM[0m
[0;32mI (434) heap_init: At 3FFE0440 len 00003AE0 (14 KiB): D/IRAM[0m
[0;32mI (439) heap_init: At 3FFE4350 len 0001BCB0 (111 KiB): D/IRAM[0m
[0;32mI (445) heap_init: At 40097804 len 000087FC (33 KiB): IRAM[0m
[0;32mI (452) spi_flash: detected chip: generic[0m
[0;32mI (453) spi_flash: flash io: dio[0m
[0;33mW (456) spi_flash: Detected size(4096k) larger than the size in the binary image header(2048k). Using the size in the binary image header.[0m
[0;32mI (470) main_task: Started on CPU0[0m
[0;32mI (480) main_task: Calling app_main()[0m
[0;32mI (500) wifi:wifi driver task: 3ffcc634, prio:23, stack:6656, core=0[0m
[0;32mI (500) wifi:wifi firmware version: 59f0bdf2a[0m
[0;32mI (500) wifi:wifi certification version: v7.0[0m
[0;32mI (500) wifi:config NVS flash: enabled[0m
[0;32mI (500) wifi:config nano formatting: disabled[0m
[0;32mI (510) wifi:Init data frame dynamic rx buffer num: 32[0m
[0;32mI (510) wifi:Init static rx mgmt buffer num: 5[0m
[0;32mI (520) wifi:Init management short buffer num: 32[0m
[0;32mI (520) wifi:Init dynamic tx buffer num: 32[0m
[0;32mI (520) wifi:Init static rx buffer size: 1600[0m
[0;32mI (530) wifi:Init static rx buffer num: 10[0m
[0;32mI (530) wifi:Init dynamic rx buffer num: 32[0m
[0;32mI (540) wifi_init: rx ba win: 6[0m
[0;32mI (540) wifi_init: accept mbox: 6[0m
[0;32mI (540) wifi_init: tcpip mbox: 32[0m
[0;32mI (540) wifi_init: udp mbox: 6[0m
[0;32mI (550) wifi_init: tcp mbox: 6[0m
[0;32mI (550) wifi_init: tcp tx win: 5760[0m
[0;32mI (550) wifi_init: tcp rx win: 5760[0m
[0;32mI (560) wifi_init: tcp mss: 1440[0m
[0;32mI (560) wifi_init: WiFi IRAM OP enabled[0m
[0;32mI (560) wifi_init: WiFi RX IRAM OP enabled[0m
[0;32mI (570) phy_init: phy_version 4840,02e0d70,Sep  2 2024,19:39:07[0m
[0;32mI (650) wifi:mode : null[0m
[0;32mI (660) wifi:ic_enable_sniffer[0m

Recorded IP Addresses:
[0;32mI (660) main_task: Returned from app_main()[0m
Packet Length: 120
Destination MAC: 40:00:00:00:ff:ff
Source MAC: ff:ff:ff:ff:56:c6

Packet Length: 154
Destination MAC: 40:00:00:00:ff:ff
Source MAC: ff:ff:ff:ff:16:28

Packet Length: 120
Destination MAC: 40:00:00:00:ff:ff
Source MAC: ff:ff:ff:ff:56:c6

Packet Length: 154
Destination MAC: 40:00:00:00:ff:ff
Source MAC: ff:ff:ff:ff:16:28

Packet Length: 154
Destination MAC: 40:00:00:00:ff:ff
Source MAC: ff:ff:ff:ff:9e:ed

Packet Length: 154
Destination MAC: 40:00:00:00:ff:ff
Source MAC: ff:ff:ff:ff:aa:de

Packet Length: 120
Destination MAC: 40:00:00:00:ff:ff
Source MAC: ff:ff:ff:ff:2e:83

Packet Length: 120
Destination MAC: 40:00:00:00:ff:ff
Source MAC: ff:ff:ff:ff:2e:83

Packet Length: 120
Destination MAC: 40:00:00:00:ff:ff
Source MAC: ff:ff:ff:ff:6a:c2

Packet Length: 120
Destination MAC: 40:00:00:00:ff:ff
Source MAC: ff:ff:ff:ff:7a:25

Packet Length: 120
Destination MAC: 40:00:00:00:ff:ff
Source MAC: ff:ff:ff:ff:7a:25

Packet Length: 154
Destination MAC: 40:00:00:00:ff:ff
Source MAC: ff:ff:ff:ff:b6:ba

Packet Length: 120
Destination MAC: 40:00:00:00:ff:ff
Source MAC: ff:ff:ff:ff:4e:6f

Packet Length: 165
Destination MAC: 40:00:00:00:ff:ff
Source MAC: ff:ff:ff:ff:26:4f

Packet Length: 154
Destination MAC: 40:00:00:00:ff:ff
Source MAC: ff:ff:ff:ff:72:2e

Packet Length: 117
Destination MAC: 40:00:00:00:ff:ff
Source MAC: ff:ff:ff:ff:d6:c1

Packet Length: 154
Destination MAC: 40:00:00:00:ff:ff
Source MAC: ff:ff:ff:ff:36:77

Packet Length: 154
Destination MAC: 40:00:00:00:ff:ff
Source MAC: ff:ff:ff:ff:36:29

Packet Length: 165
Destination MAC: 40:00:00:00:ff:ff
Source MAC: ff:ff:ff:ff:50:a6

Packet Length: 154
Destination MAC: 40:00:00:00:ff:ff
Source MAC: ff:ff:ff:ff:ae:09

Packet Length: 133
Destination MAC: 40:00:00:00:ff:ff
Source MAC: ff:ff:ff:ff:de:03

Packet Length: 92
Destination MAC: 40:00:00:00:ff:ff
Source MAC: ff:ff:ff:ff:c6:af

Packet Length: 92
Destination MAC: 40:00:00:00:ff:ff
Source MAC: ff:ff:ff:ff:c6:af

Packet Length: 120
Destination MAC: 40:00:00:00:ff:ff
Source MAC: ff:ff:ff:ff:72:70

Packet Length: 120
Destination MAC: 40:00:00:00:ff:ff
Source MAC: ff:ff:ff:ff:ae:f8

Packet Length: 120
Destination MAC: 40:00:00:00:ff:ff
Source MAC: ff:ff:ff:ff:4a:d5

Packet Length: 120
Destination MAC: 40:00:00:00:ff:ff
Source MAC: ff:ff:ff:ff:4a:d5

Packet Length: 117
Destination MAC: 40:00:00:00:ff:ff
Source MAC: ff:ff:ff:ff:1e:c2

Packet Length: 120
Destination MAC: 40:00:00:00:ff:ff
Source MAC: ff:ff:ff:ff:9e:e2

Packet Length: 120
Destination MAC: 40:00:00:00:ff:ff
Source MAC: ff:ff:ff:ff:9e:e2

Packet Length: 154
Destination MAC: 40:00:00:00:ff:ff
Source MAC: ff:ff:ff:ff:52:13

Packet Length: 154
Destination MAC: 40:00:00:00:ff:ff
Source MAC: ff:ff:ff:ff:d2:36

Packet Length: 120
Destination MAC: 40:00:00:00:ff:ff
Source MAC: ff:ff:ff:ff:32:68

Packet Length: 120
Destination MAC: 40:00:00:00:ff:ff
Source MAC: ff:ff:ff:ff:32:68

Packet Length: 120
Destination MAC: 40:00:00:00:ff:ff
Source MAC: ff:ff:ff:ff:0e:90

Packet Length: 117
Destination MAC: 40:00:00:00:ff:ff
Source MAC: ff:ff:ff:ff:7a:7b

Packet Length: 117
Destination MAC: 40:00:00:00:ff:ff
Source MAC: ff:ff:ff:ff:42:6f

Packet Length: 120
Destination MAC: 40:00:00:00:ff:ff
Source MAC: ff:ff:ff:ff:da:7c

Packet Length: 120
Destination MAC: 40:00:00:00:ff:ff
Source MAC: ff:ff:ff:ff:da:7c

Packet Length: 117
Destination MAC: 40:00:00:00:ff:ff
Source MAC: ff:ff:ff:ff:fa:c7

Packet Length: 120
Destination MAC: 40:00:00:00:ff:ff
Source MAC: ff:ff:ff:ff:62:a2

Packet Length: 120
Destination MAC: 40:00:00:00:ff:ff
Source MAC: ff:ff:ff:ff:62:a2

Packet Length: 117
Destination MAC: 40:00:00:00:ff:ff
Source MAC: ff:ff:ff:ff:d2:c9

Packet Length: 154
Destination MAC: 40:00:00:00:ff:ff
Source MAC: ff:ff:ff:ff:52:f9

Packet Length: 154
Destination MAC: 40:00:00:00:ff:ff
Source MAC: ff:ff:ff:ff:52:f9

Packet Length: 154
Destination MAC: 40:00:00:00:ff:ff
Source MAC: ff:ff:ff:ff:16:64

Packet Length: 154
Destination MAC: 40:00:00:00:ff:ff
Source MAC: ff:ff:ff:ff:16:64

Packet Length: 120
Destination MAC: 40:00:00:00:ff:ff
Source MAC: ff:ff:ff:ff:3a:22

Packet Length: 120
Destination MAC: 40:00:00:00:ff:ff
Source MAC: ff:ff:ff:ff:3a:22

